missingOperand
unexpectedOperand
duplicateOperand
missingPhiOperand
missingOperandType
duplicateChiOperand
sideEffectWithoutPrimary
instructionWithoutSuccessor
| coroutines.cpp:87:20:87:20 | Uninitialized: declaration of (unnamed local variable) | Instruction 'Uninitialized: declaration of (unnamed local variable)' has no successors in function '$@'. | coroutines.cpp:87:20:87:33 | co_returnable_void co_return_void() | co_returnable_void co_return_void() |
| coroutines.cpp:91:21:91:21 | Uninitialized: declaration of (unnamed local variable) | Instruction 'Uninitialized: declaration of (unnamed local variable)' has no successors in function '$@'. | coroutines.cpp:91:21:91:33 | co_returnable_value co_return_int(int) | co_returnable_value co_return_int(int) |
| coroutines.cpp:95:20:95:20 | Uninitialized: declaration of (unnamed local variable) | Instruction 'Uninitialized: declaration of (unnamed local variable)' has no successors in function '$@'. | coroutines.cpp:95:20:95:38 | co_returnable_void co_yield_value_void(int) | co_returnable_void co_yield_value_void(int) |
| coroutines.cpp:99:21:99:21 | Uninitialized: declaration of (unnamed local variable) | Instruction 'Uninitialized: declaration of (unnamed local variable)' has no successors in function '$@'. | coroutines.cpp:99:21:99:40 | co_returnable_value co_yield_value_value(int) | co_returnable_value co_yield_value_value(int) |
| coroutines.cpp:103:20:103:20 | Uninitialized: declaration of (unnamed local variable) | Instruction 'Uninitialized: declaration of (unnamed local variable)' has no successors in function '$@'. | coroutines.cpp:103:20:103:43 | co_returnable_void co_yield_and_return_void(int) | co_returnable_void co_yield_and_return_void(int) |
| coroutines.cpp:108:21:108:21 | Uninitialized: declaration of (unnamed local variable) | Instruction 'Uninitialized: declaration of (unnamed local variable)' has no successors in function '$@'. | coroutines.cpp:108:21:108:45 | co_returnable_value co_yield_and_return_value(int) | co_returnable_value co_yield_and_return_value(int) |
ambiguousSuccessors
unexplainedLoop
unnecessaryPhiInstruction
memoryOperandDefinitionIsUnmodeled
operandAcrossFunctions
instructionWithoutUniqueBlock
missingCanonicalLanguageType
multipleCanonicalLanguageTypes
containsLoopOfForwardEdges
missingIRType
multipleIRTypes
lostReachability
backEdgeCountMismatch
useNotDominatedByDefinition
switchInstructionWithoutDefaultEdge
notMarkedAsConflated
wronglyMarkedAsConflated
invalidOverlap
nonUniqueEnclosingIRFunction
fieldAddressOnNonPointer
thisArgumentIsNonPointer
nonUniqueIRVariable
missingCppType
